Warning[w6]: Type conflict for external/entry "calibrateMPU9250", in module simpleBLEPeripheral against external/entry in module epl_MPU9250; prototyped function vs K&R function
  /* In module simpleBLEPeripheral: */
  /* K&R Function, args 0, attr 0 */
  int (__xdata_reentrant calibrateMPU9250)();
  /* In module epl_MPU9250: */
  /* Function, args 2, attr 0 */
  void (__xdata_reentrant calibrateMPU9250)(float *,
                                            float *);
Warning[w6]: Type conflict for external/entry "get_Magnetometer_ASA", in module simpleBLEPeripheral against external/entry in module epl_MPU9250; prototyped function vs K&R function
  /* In module simpleBLEPeripheral: */
  /* K&R Function, args 0, attr 0 */
  int (__xdata_reentrant get_Magnetometer_ASA)();
  /* In module epl_MPU9250: */
  /* Function, args 1, attr 0 */
  void (__xdata_reentrant get_Magnetometer_ASA)(float *);
Error[e16]: Segment ISTACK (size: 0xc0 align: 0) is too long for segment definition. At least 0xe more bytes needed. The problem occurred while processing the segment placement command "-Z(IDATA)ISTACK+_IDATA_STACK_SIZE#08-_IDATA_END", where at the moment of placement the available memory ranges were "IDATA:4e-ff"
   Reserved ranges relevant to this placement:
   IDATA:8-1f           VREG
   IDATA:21-40          VREG
   IDATA:41-42          XSP
   IDATA:43-43          DATA_I
   IDATA:44-4b          DATA_Z
   IDATA:4c-4d          IDATA_Z
   IDATA:4e-ff          ISTACK
   BIT:0-7              BREG
   BIT:80-97            SFR_AN
   BIT:a0-af            SFR_AN
   BIT:b8-c7            SFR_AN
   BIT:e8-ef            SFR_AN
   BIT:f8-ff            SFR_AN
